
> frontend@0.1.0 build
> next build

  Γû▓ Next.js 14.2.35
  - Environments: .env.local

   Creating an optimized production build ...
 Γ£ô Compiled successfully
   Linting and checking validity of types ...
node.exe : 
At line:1 char:1
+ & "C:\Program Files\nodejs/node.exe" "C:\Program Files\nodejs/node_mo ...
+ ~~~~~~~~~~~~~~~~~~~~~~~~~~~~~~~~~~~~~~~~~~~~~~~~~~~~~~~~~~~~~~~~~~~~~
    + CategoryInfo          : NotSpecified: (:String) [], RemoteException
    + FullyQualifiedErrorId : NativeCommandError
 
Failed to compile.

./app/account/page.tsx
9:11  Error: 'UserIcon' is defined but never used.  @typescript-eslint/no-unused-vars
100:14  Error: 'err' is defined but never used.  @typescript-eslint/no-unused-vars

./app/admin/page.tsx
3:38  Error: 'useRef' is defined but never used.  @typescript-eslint/no-unused-vars
8:43  Error: 'Users' is defined but never used.  @typescript-eslint/no-unused-vars
9:52  Error: 'CheckCircle' is defined but never used.  @typescript-eslint/no-unused-vars
10:18  Error: 'Filter' is defined but never used.  @typescript-eslint/no-unused-vars
60:54  Error: Unexpected any. Specify a different type.  @typescript-eslint/no-explicit-any
246:56  Error: Unexpected any. Specify a different type.  @typescript-eslint/no-explicit-any
283:14  Error: 'err' is defined but never used.  @typescript-eslint/no-unused-vars

./app/auth/page.tsx
66:19  Error: Unexpected any. Specify a different type.  @typescript-eslint/no-explicit-any

./app/cart/page.tsx
12:9  Error: 'router' is assigned a value but never used.  @typescript-eslint/no-unused-vars

./app/checkout/page.tsx
7:18  Error: 'AnimatePresence' is defined but never used.  @typescript-eslint/no-unused-vars
12:9  Error: 'router' is assigned a value but never used.  @typescript-eslint/no-unused-vars
94:19  Error: 'left' is assigned a value but never used.  @typescript-eslint/no-unused-vars

./app/mode-select/page.tsx
13:23  Error: 'user' is assigned a value but never used.  @typescript-eslint/no-unused-vars
45:16  Error: 'error' is defined but never used.  @typescript-eslint/no-unused-vars
67:14  Error: 'error' is defined but never used.  @typescript-eslint/no-unused-vars

./app/products/page.tsx
3:47  Error: 'useCallback' is defined but never used.  @typescript-eslint/no-unused-vars

./app/products/[id]/page.tsx
3:27  Error: 'useEffect' is defined but never used.  @typescript-eslint/no-unused-vars
45:53  Error: '_params' is defined but never used.  @typescript-eslint/no-unused-vars

./app/smart-setup/page.tsx
157:7  Error: Include a description after the "@ts-expect-error" directive to explain why the @ts-expect-error is 
necessary. The description must be 3 characters or longer.  @typescript-eslint/ban-ts-comment
159:9  Error: Include a description after the "@ts-expect-error" directive to explain why the @ts-expect-error is 
necessary. The description must be 3 characters or longer.  @typescript-eslint/ban-ts-comment

info  - Need to disable some ESLint rules? Learn more here: 
https://nextjs.org/docs/basic-features/eslint#disabling-rules
